// Jest Snapshot v1, https://goo.gl/fbAQLP

exports[`Carousel renders loading 1`] = `
<RCTView
  onLayout={[Function]}
  style={
    Object {
      "width": "100%",
    }
  }
/>
`;
